
> backend@0.0.1 test:e2e
> jest --config ./test/jest-e2e.json

node.exe : FAIL test/app.e2e-spec.ts
строка:1 знак:1
+ & "C:\nvm4w\nodejs/node.exe" "C:\nvm4w\nodejs/node_modules/npm/bin/np ...
+ ~~~~~~~~~~~~~~~~~~~~~~~~~~~~~~~~~~~~~~~~~~~~~~~~~~~~~~~~~~~~~~~~~~~~~
    + CategoryInfo          : NotSpecified: (FAIL test/app.e2e-spec.ts:String) [], RemoteException
    + FullyQualifiedErrorId : NativeCommandError
 
  тЧП Bilik Arena Smoke Tests (e2e) тА║ Public Endpoints тА║ /health (GET) should return ok

    Nest can't resolve dependencies of the FirebaseAuthGuard (FirebaseService, ?). Please make sure that the argument U
sersService at index [1] is available in the QuestionsModule module.

    Potential solutions:
    - Is QuestionsModule a valid NestJS module?
    - If UsersService is a provider, is it part of the current QuestionsModule?
    - If UsersService is exported from a separate @Module, is that module imported within QuestionsModule?
      @Module({
        imports: [ /* the Module containing UsersService */ ]
      })

    For more common dependency resolution issues, see: https://docs.nestjs.com/faq/common-errors

    [0m [90m  8 |[39m
     [90m  9 |[39m   beforeAll([36masync[39m () [33m=>[39m {
    [31m[1m>[22m[39m[90m 10 |[39m     [36mconst[39m moduleFixture[33m:[39m [33mTestingModule[39m [33m=[39
m [36mawait[39m [33mTest[39m[33m.[39mcreateTestingModule({
     [90m    |[39m                                          [31m[1m^[22m[39m
     [90m 11 |[39m       imports[33m:[39m [[33mAppModule[39m][33m,[39m
     [90m 12 |[39m     })[33m.[39mcompile()[33m;[39m
     [90m 13 |[39m[0m

      at TestingInjector.lookupComponentInParentModules (../node_modules/@nestjs/core/injector/injector.js:299:19)
      at TestingInjector.resolveComponentWrapper (../node_modules/@nestjs/testing/testing-injector.js:19:45)
      at resolveParam (../node_modules/@nestjs/core/injector/injector.js:149:38)
          at async Promise.all (index 1)
      at TestingInjector.resolveConstructorParams (../node_modules/@nestjs/core/injector/injector.js:178:27)
      at TestingInjector.loadInstance (../node_modules/@nestjs/core/injector/injector.js:77:13)
      at TestingInjector.loadInjectable (../node_modules/@nestjs/core/injector/injector.js:104:9)
      at ../node_modules/@nestjs/core/injector/instance-loader.js:80:13
          at async Promise.all (index 0)
      at TestingInstanceLoader.createInstancesOfInjectables (../node_modules/@nestjs/core/injector/instance-loader.js:7
9:9)
      at ../node_modules/@nestjs/core/injector/instance-loader.js:41:13
          at async Promise.all (index 4)
      at TestingInstanceLoader.createInstances (../node_modules/@nestjs/core/injector/instance-loader.js:39:9)
      at TestingInstanceLoader.createInstancesOfDependencies (../node_modules/@nestjs/core/injector/instance-loader.js:
22:13)
      at TestingInstanceLoader.createInstancesOfDependencies (../node_modules/@nestjs/testing/testing-instance-loader.j
s:9:9)
      at TestingModuleBuilder.createInstancesOfDependencies (../node_modules/@nestjs/testing/testing-module.builder.js:
119:9)
      at TestingModuleBuilder.compile (../node_modules/@nestjs/testing/testing-module.builder.js:74:9)
      at Object.<anonymous> (app.e2e-spec.ts:10:42)

  тЧП Bilik Arena Smoke Tests (e2e) тА║ Public Endpoints тА║ /cities (GET) should return list of cities

    Nest can't resolve dependencies of the FirebaseAuthGuard (FirebaseService, ?). Please make sure that the argument U
sersService at index [1] is available in the QuestionsModule module.

    Potential solutions:
    - Is QuestionsModule a valid NestJS module?
    - If UsersService is a provider, is it part of the current QuestionsModule?
    - If UsersService is exported from a separate @Module, is that module imported within QuestionsModule?
      @Module({
        imports: [ /* the Module containing UsersService */ ]
      })

    For more common dependency resolution issues, see: https://docs.nestjs.com/faq/common-errors

    [0m [90m  8 |[39m
     [90m  9 |[39m   beforeAll([36masync[39m () [33m=>[39m {
    [31m[1m>[22m[39m[90m 10 |[39m     [36mconst[39m moduleFixture[33m:[39m [33mTestingModule[39m [33m=[39
m [36mawait[39m [33mTest[39m[33m.[39mcreateTestingModule({
     [90m    |[39m                                          [31m[1m^[22m[39m
     [90m 11 |[39m       imports[33m:[39m [[33mAppModule[39m][33m,[39m
     [90m 12 |[39m     })[33m.[39mcompile()[33m;[39m
     [90m 13 |[39m[0m

      at TestingInjector.lookupComponentInParentModules (../node_modules/@nestjs/core/injector/injector.js:299:19)
      at TestingInjector.resolveComponentWrapper (../node_modules/@nestjs/testing/testing-injector.js:19:45)
      at resolveParam (../node_modules/@nestjs/core/injector/injector.js:149:38)
          at async Promise.all (index 1)
      at TestingInjector.resolveConstructorParams (../node_modules/@nestjs/core/injector/injector.js:178:27)
      at TestingInjector.loadInstance (../node_modules/@nestjs/core/injector/injector.js:77:13)
      at TestingInjector.loadInjectable (../node_modules/@nestjs/core/injector/injector.js:104:9)
      at ../node_modules/@nestjs/core/injector/instance-loader.js:80:13
          at async Promise.all (index 0)
      at TestingInstanceLoader.createInstancesOfInjectables (../node_modules/@nestjs/core/injector/instance-loader.js:7
9:9)
      at ../node_modules/@nestjs/core/injector/instance-loader.js:41:13
          at async Promise.all (index 4)
      at TestingInstanceLoader.createInstances (../node_modules/@nestjs/core/injector/instance-loader.js:39:9)
      at TestingInstanceLoader.createInstancesOfDependencies (../node_modules/@nestjs/core/injector/instance-loader.js:
22:13)
      at TestingInstanceLoader.createInstancesOfDependencies (../node_modules/@nestjs/testing/testing-instance-loader.j
s:9:9)
      at TestingModuleBuilder.createInstancesOfDependencies (../node_modules/@nestjs/testing/testing-module.builder.js:
119:9)
      at TestingModuleBuilder.compile (../node_modules/@nestjs/testing/testing-module.builder.js:74:9)
      at Object.<anonymous> (app.e2e-spec.ts:10:42)

  тЧП Bilik Arena Smoke Tests (e2e) тА║ Public Endpoints тА║ /categories (GET) should return list of categories

    Nest can't resolve dependencies of the FirebaseAuthGuard (FirebaseService, ?). Please make sure that the argument U
sersService at index [1] is available in the QuestionsModule module.

    Potential solutions:
    - Is QuestionsModule a valid NestJS module?
    - If UsersService is a provider, is it part of the current QuestionsModule?
    - If UsersService is exported from a separate @Module, is that module imported within QuestionsModule?
      @Module({
        imports: [ /* the Module containing UsersService */ ]
      })

    For more common dependency resolution issues, see: https://docs.nestjs.com/faq/common-errors

    [0m [90m  8 |[39m
     [90m  9 |[39m   beforeAll([36masync[39m () [33m=>[39m {
    [31m[1m>[22m[39m[90m 10 |[39m     [36mconst[39m moduleFixture[33m:[39m [33mTestingModule[39m [33m=[39
m [36mawait[39m [33mTest[39m[33m.[39mcreateTestingModule({
     [90m    |[39m                                          [31m[1m^[22m[39m
     [90m 11 |[39m       imports[33m:[39m [[33mAppModule[39m][33m,[39m
     [90m 12 |[39m     })[33m.[39mcompile()[33m;[39m
     [90m 13 |[39m[0m

      at TestingInjector.lookupComponentInParentModules (../node_modules/@nestjs/core/injector/injector.js:299:19)
      at TestingInjector.resolveComponentWrapper (../node_modules/@nestjs/testing/testing-injector.js:19:45)
      at resolveParam (../node_modules/@nestjs/core/injector/injector.js:149:38)
          at async Promise.all (index 1)
      at TestingInjector.resolveConstructorParams (../node_modules/@nestjs/core/injector/injector.js:178:27)
      at TestingInjector.loadInstance (../node_modules/@nestjs/core/injector/injector.js:77:13)
      at TestingInjector.loadInjectable (../node_modules/@nestjs/core/injector/injector.js:104:9)
      at ../node_modules/@nestjs/core/injector/instance-loader.js:80:13
          at async Promise.all (index 0)
      at TestingInstanceLoader.createInstancesOfInjectables (../node_modules/@nestjs/core/injector/instance-loader.js:7
9:9)
      at ../node_modules/@nestjs/core/injector/instance-loader.js:41:13
          at async Promise.all (index 4)
      at TestingInstanceLoader.createInstances (../node_modules/@nestjs/core/injector/instance-loader.js:39:9)
      at TestingInstanceLoader.createInstancesOfDependencies (../node_modules/@nestjs/core/injector/instance-loader.js:
22:13)
      at TestingInstanceLoader.createInstancesOfDependencies (../node_modules/@nestjs/testing/testing-instance-loader.j
s:9:9)
      at TestingModuleBuilder.createInstancesOfDependencies (../node_modules/@nestjs/testing/testing-module.builder.js:
119:9)
      at TestingModuleBuilder.compile (../node_modules/@nestjs/testing/testing-module.builder.js:74:9)
      at Object.<anonymous> (app.e2e-spec.ts:10:42)

  тЧП Bilik Arena Smoke Tests (e2e) тА║ Public Endpoints тА║ /leaderboards/cities (GET) should return ranking

    Nest can't resolve dependencies of the FirebaseAuthGuard (FirebaseService, ?). Please make sure that the argument U
sersService at index [1] is available in the QuestionsModule module.

    Potential solutions:
    - Is QuestionsModule a valid NestJS module?
    - If UsersService is a provider, is it part of the current QuestionsModule?
    - If UsersService is exported from a separate @Module, is that module imported within QuestionsModule?
      @Module({
        imports: [ /* the Module containing UsersService */ ]
      })

    For more common dependency resolution issues, see: https://docs.nestjs.com/faq/common-errors

    [0m [90m  8 |[39m
     [90m  9 |[39m   beforeAll([36masync[39m () [33m=>[39m {
    [31m[1m>[22m[39m[90m 10 |[39m     [36mconst[39m moduleFixture[33m:[39m [33mTestingModule[39m [33m=[39
m [36mawait[39m [33mTest[39m[33m.[39mcreateTestingModule({
     [90m    |[39m                                          [31m[1m^[22m[39m
     [90m 11 |[39m       imports[33m:[39m [[33mAppModule[39m][33m,[39m
     [90m 12 |[39m     })[33m.[39mcompile()[33m;[39m
     [90m 13 |[39m[0m

      at TestingInjector.lookupComponentInParentModules (../node_modules/@nestjs/core/injector/injector.js:299:19)
      at TestingInjector.resolveComponentWrapper (../node_modules/@nestjs/testing/testing-injector.js:19:45)
      at resolveParam (../node_modules/@nestjs/core/injector/injector.js:149:38)
          at async Promise.all (index 1)
      at TestingInjector.resolveConstructorParams (../node_modules/@nestjs/core/injector/injector.js:178:27)
      at TestingInjector.loadInstance (../node_modules/@nestjs/core/injector/injector.js:77:13)
      at TestingInjector.loadInjectable (../node_modules/@nestjs/core/injector/injector.js:104:9)
      at ../node_modules/@nestjs/core/injector/instance-loader.js:80:13
          at async Promise.all (index 0)
      at TestingInstanceLoader.createInstancesOfInjectables (../node_modules/@nestjs/core/injector/instance-loader.js:7
9:9)
      at ../node_modules/@nestjs/core/injector/instance-loader.js:41:13
          at async Promise.all (index 4)
      at TestingInstanceLoader.createInstances (../node_modules/@nestjs/core/injector/instance-loader.js:39:9)
      at TestingInstanceLoader.createInstancesOfDependencies (../node_modules/@nestjs/core/injector/instance-loader.js:
22:13)
      at TestingInstanceLoader.createInstancesOfDependencies (../node_modules/@nestjs/testing/testing-instance-loader.j
s:9:9)
      at TestingModuleBuilder.createInstancesOfDependencies (../node_modules/@nestjs/testing/testing-module.builder.js:
119:9)
      at TestingModuleBuilder.compile (../node_modules/@nestjs/testing/testing-module.builder.js:74:9)
      at Object.<anonymous> (app.e2e-spec.ts:10:42)

  тЧП Bilik Arena Smoke Tests (e2e) тА║ Security & Protection тА║ /questions/random (GET) should return 401 without tok
en

    Nest can't resolve dependencies of the FirebaseAuthGuard (FirebaseService, ?). Please make sure that the argument U
sersService at index [1] is available in the QuestionsModule module.

    Potential solutions:
    - Is QuestionsModule a valid NestJS module?
    - If UsersService is a provider, is it part of the current QuestionsModule?
    - If UsersService is exported from a separate @Module, is that module imported within QuestionsModule?
      @Module({
        imports: [ /* the Module containing UsersService */ ]
      })

    For more common dependency resolution issues, see: https://docs.nestjs.com/faq/common-errors

    [0m [90m  8 |[39m
     [90m  9 |[39m   beforeAll([36masync[39m () [33m=>[39m {
    [31m[1m>[22m[39m[90m 10 |[39m     [36mconst[39m moduleFixture[33m:[39m [33mTestingModule[39m [33m=[39
m [36mawait[39m [33mTest[39m[33m.[39mcreateTestingModule({
     [90m    |[39m                                          [31m[1m^[22m[39m
     [90m 11 |[39m       imports[33m:[39m [[33mAppModule[39m][33m,[39m
     [90m 12 |[39m     })[33m.[39mcompile()[33m;[39m
     [90m 13 |[39m[0m

      at TestingInjector.lookupComponentInParentModules (../node_modules/@nestjs/core/injector/injector.js:299:19)
      at TestingInjector.resolveComponentWrapper (../node_modules/@nestjs/testing/testing-injector.js:19:45)
      at resolveParam (../node_modules/@nestjs/core/injector/injector.js:149:38)
          at async Promise.all (index 1)
      at TestingInjector.resolveConstructorParams (../node_modules/@nestjs/core/injector/injector.js:178:27)
      at TestingInjector.loadInstance (../node_modules/@nestjs/core/injector/injector.js:77:13)
      at TestingInjector.loadInjectable (../node_modules/@nestjs/core/injector/injector.js:104:9)
      at ../node_modules/@nestjs/core/injector/instance-loader.js:80:13
          at async Promise.all (index 0)
      at TestingInstanceLoader.createInstancesOfInjectables (../node_modules/@nestjs/core/injector/instance-loader.js:7
9:9)
      at ../node_modules/@nestjs/core/injector/instance-loader.js:41:13
          at async Promise.all (index 4)
      at TestingInstanceLoader.createInstances (../node_modules/@nestjs/core/injector/instance-loader.js:39:9)
      at TestingInstanceLoader.createInstancesOfDependencies (../node_modules/@nestjs/core/injector/instance-loader.js:
22:13)
      at TestingInstanceLoader.createInstancesOfDependencies (../node_modules/@nestjs/testing/testing-instance-loader.j
s:9:9)
      at TestingModuleBuilder.createInstancesOfDependencies (../node_modules/@nestjs/testing/testing-module.builder.js:
119:9)
      at TestingModuleBuilder.compile (../node_modules/@nestjs/testing/testing-module.builder.js:74:9)
      at Object.<anonymous> (app.e2e-spec.ts:10:42)

  тЧП Bilik Arena Smoke Tests (e2e) тА║ Security & Protection тА║ /questions (GET) admin endpoint should return 401 wit
hout token

    Nest can't resolve dependencies of the FirebaseAuthGuard (FirebaseService, ?). Please make sure that the argument U
sersService at index [1] is available in the QuestionsModule module.

    Potential solutions:
    - Is QuestionsModule a valid NestJS module?
    - If UsersService is a provider, is it part of the current QuestionsModule?
    - If UsersService is exported from a separate @Module, is that module imported within QuestionsModule?
      @Module({
        imports: [ /* the Module containing UsersService */ ]
      })

    For more common dependency resolution issues, see: https://docs.nestjs.com/faq/common-errors

    [0m [90m  8 |[39m
     [90m  9 |[39m   beforeAll([36masync[39m () [33m=>[39m {
    [31m[1m>[22m[39m[90m 10 |[39m     [36mconst[39m moduleFixture[33m:[39m [33mTestingModule[39m [33m=[39
m [36mawait[39m [33mTest[39m[33m.[39mcreateTestingModule({
     [90m    |[39m                                          [31m[1m^[22m[39m
     [90m 11 |[39m       imports[33m:[39m [[33mAppModule[39m][33m,[39m
     [90m 12 |[39m     })[33m.[39mcompile()[33m;[39m
     [90m 13 |[39m[0m

      at TestingInjector.lookupComponentInParentModules (../node_modules/@nestjs/core/injector/injector.js:299:19)
      at TestingInjector.resolveComponentWrapper (../node_modules/@nestjs/testing/testing-injector.js:19:45)
      at resolveParam (../node_modules/@nestjs/core/injector/injector.js:149:38)
          at async Promise.all (index 1)
      at TestingInjector.resolveConstructorParams (../node_modules/@nestjs/core/injector/injector.js:178:27)
      at TestingInjector.loadInstance (../node_modules/@nestjs/core/injector/injector.js:77:13)
      at TestingInjector.loadInjectable (../node_modules/@nestjs/core/injector/injector.js:104:9)
      at ../node_modules/@nestjs/core/injector/instance-loader.js:80:13
          at async Promise.all (index 0)
      at TestingInstanceLoader.createInstancesOfInjectables (../node_modules/@nestjs/core/injector/instance-loader.js:7
9:9)
      at ../node_modules/@nestjs/core/injector/instance-loader.js:41:13
          at async Promise.all (index 4)
      at TestingInstanceLoader.createInstances (../node_modules/@nestjs/core/injector/instance-loader.js:39:9)
      at TestingInstanceLoader.createInstancesOfDependencies (../node_modules/@nestjs/core/injector/instance-loader.js:
22:13)
      at TestingInstanceLoader.createInstancesOfDependencies (../node_modules/@nestjs/testing/testing-instance-loader.j
s:9:9)
      at TestingModuleBuilder.createInstancesOfDependencies (../node_modules/@nestjs/testing/testing-module.builder.js:
119:9)
      at TestingModuleBuilder.compile (../node_modules/@nestjs/testing/testing-module.builder.js:74:9)
      at Object.<anonymous> (app.e2e-spec.ts:10:42)

  тЧП Bilik Arena Smoke Tests (e2e) тА║ Security & Protection тА║ /leaderboards/me (GET) should return 401 without toke
n

    Nest can't resolve dependencies of the FirebaseAuthGuard (FirebaseService, ?). Please make sure that the argument U
sersService at index [1] is available in the QuestionsModule module.

    Potential solutions:
    - Is QuestionsModule a valid NestJS module?
    - If UsersService is a provider, is it part of the current QuestionsModule?
    - If UsersService is exported from a separate @Module, is that module imported within QuestionsModule?
      @Module({
        imports: [ /* the Module containing UsersService */ ]
      })

    For more common dependency resolution issues, see: https://docs.nestjs.com/faq/common-errors

    [0m [90m  8 |[39m
     [90m  9 |[39m   beforeAll([36masync[39m () [33m=>[39m {
    [31m[1m>[22m[39m[90m 10 |[39m     [36mconst[39m moduleFixture[33m:[39m [33mTestingModule[39m [33m=[39
m [36mawait[39m [33mTest[39m[33m.[39mcreateTestingModule({
     [90m    |[39m                                          [31m[1m^[22m[39m
     [90m 11 |[39m       imports[33m:[39m [[33mAppModule[39m][33m,[39m
     [90m 12 |[39m     })[33m.[39mcompile()[33m;[39m
     [90m 13 |[39m[0m

      at TestingInjector.lookupComponentInParentModules (../node_modules/@nestjs/core/injector/injector.js:299:19)
      at TestingInjector.resolveComponentWrapper (../node_modules/@nestjs/testing/testing-injector.js:19:45)
      at resolveParam (../node_modules/@nestjs/core/injector/injector.js:149:38)
          at async Promise.all (index 1)
      at TestingInjector.resolveConstructorParams (../node_modules/@nestjs/core/injector/injector.js:178:27)
      at TestingInjector.loadInstance (../node_modules/@nestjs/core/injector/injector.js:77:13)
      at TestingInjector.loadInjectable (../node_modules/@nestjs/core/injector/injector.js:104:9)
      at ../node_modules/@nestjs/core/injector/instance-loader.js:80:13
          at async Promise.all (index 0)
      at TestingInstanceLoader.createInstancesOfInjectables (../node_modules/@nestjs/core/injector/instance-loader.js:7
9:9)
      at ../node_modules/@nestjs/core/injector/instance-loader.js:41:13
          at async Promise.all (index 4)
      at TestingInstanceLoader.createInstances (../node_modules/@nestjs/core/injector/instance-loader.js:39:9)
      at TestingInstanceLoader.createInstancesOfDependencies (../node_modules/@nestjs/core/injector/instance-loader.js:
22:13)
      at TestingInstanceLoader.createInstancesOfDependencies (../node_modules/@nestjs/testing/testing-instance-loader.j
s:9:9)
      at TestingModuleBuilder.createInstancesOfDependencies (../node_modules/@nestjs/testing/testing-module.builder.js:
119:9)
      at TestingModuleBuilder.compile (../node_modules/@nestjs/testing/testing-module.builder.js:74:9)
      at Object.<anonymous> (app.e2e-spec.ts:10:42)

  тЧП Bilik Arena Smoke Tests (e2e) тА║ Authenticated Flow Mocking (Example) тА║ Implementation of authenticated duel f
low with AuthMockGuard

    Nest can't resolve dependencies of the FirebaseAuthGuard (FirebaseService, ?). Please make sure that the argument U
sersService at index [1] is available in the QuestionsModule module.

    Potential solutions:
    - Is QuestionsModule a valid NestJS module?
    - If UsersService is a provider, is it part of the current QuestionsModule?
    - If UsersService is exported from a separate @Module, is that module imported within QuestionsModule?
      @Module({
        imports: [ /* the Module containing UsersService */ ]
      })

    For more common dependency resolution issues, see: https://docs.nestjs.com/faq/common-errors

    [0m [90m  8 |[39m
     [90m  9 |[39m   beforeAll([36masync[39m () [33m=>[39m {
    [31m[1m>[22m[39m[90m 10 |[39m     [36mconst[39m moduleFixture[33m:[39m [33mTestingModule[39m [33m=[39
m [36mawait[39m [33mTest[39m[33m.[39mcreateTestingModule({
     [90m    |[39m                                          [31m[1m^[22m[39m
     [90m 11 |[39m       imports[33m:[39m [[33mAppModule[39m][33m,[39m
     [90m 12 |[39m     })[33m.[39mcompile()[33m;[39m
     [90m 13 |[39m[0m

      at TestingInjector.lookupComponentInParentModules (../node_modules/@nestjs/core/injector/injector.js:299:19)
      at TestingInjector.resolveComponentWrapper (../node_modules/@nestjs/testing/testing-injector.js:19:45)
      at resolveParam (../node_modules/@nestjs/core/injector/injector.js:149:38)
          at async Promise.all (index 1)
      at TestingInjector.resolveConstructorParams (../node_modules/@nestjs/core/injector/injector.js:178:27)
      at TestingInjector.loadInstance (../node_modules/@nestjs/core/injector/injector.js:77:13)
      at TestingInjector.loadInjectable (../node_modules/@nestjs/core/injector/injector.js:104:9)
      at ../node_modules/@nestjs/core/injector/instance-loader.js:80:13
          at async Promise.all (index 0)
      at TestingInstanceLoader.createInstancesOfInjectables (../node_modules/@nestjs/core/injector/instance-loader.js:7
9:9)
      at ../node_modules/@nestjs/core/injector/instance-loader.js:41:13
          at async Promise.all (index 4)
      at TestingInstanceLoader.createInstances (../node_modules/@nestjs/core/injector/instance-loader.js:39:9)
      at TestingInstanceLoader.createInstancesOfDependencies (../node_modules/@nestjs/core/injector/instance-loader.js:
22:13)
      at TestingInstanceLoader.createInstancesOfDependencies (../node_modules/@nestjs/testing/testing-instance-loader.j
s:9:9)
      at TestingModuleBuilder.createInstancesOfDependencies (../node_modules/@nestjs/testing/testing-module.builder.js:
119:9)
      at TestingModuleBuilder.compile (../node_modules/@nestjs/testing/testing-module.builder.js:74:9)
      at Object.<anonymous> (app.e2e-spec.ts:10:42)

  тЧП Bilik Arena Smoke Tests (e2e) тА║ Authenticated Flow Mocking (Example) тА║ Implementation of wallet transaction f
low with AuthMockGuard

    Nest can't resolve dependencies of the FirebaseAuthGuard (FirebaseService, ?). Please make sure that the argument U
sersService at index [1] is available in the QuestionsModule module.

    Potential solutions:
    - Is QuestionsModule a valid NestJS module?
    - If UsersService is a provider, is it part of the current QuestionsModule?
    - If UsersService is exported from a separate @Module, is that module imported within QuestionsModule?
      @Module({
        imports: [ /* the Module containing UsersService */ ]
      })

    For more common dependency resolution issues, see: https://docs.nestjs.com/faq/common-errors

    [0m [90m  8 |[39m
     [90m  9 |[39m   beforeAll([36masync[39m () [33m=>[39m {
    [31m[1m>[22m[39m[90m 10 |[39m     [36mconst[39m moduleFixture[33m:[39m [33mTestingModule[39m [33m=[39
m [36mawait[39m [33mTest[39m[33m.[39mcreateTestingModule({
     [90m    |[39m                                          [31m[1m^[22m[39m
     [90m 11 |[39m       imports[33m:[39m [[33mAppModule[39m][33m,[39m
     [90m 12 |[39m     })[33m.[39mcompile()[33m;[39m
     [90m 13 |[39m[0m

      at TestingInjector.lookupComponentInParentModules (../node_modules/@nestjs/core/injector/injector.js:299:19)
      at TestingInjector.resolveComponentWrapper (../node_modules/@nestjs/testing/testing-injector.js:19:45)
      at resolveParam (../node_modules/@nestjs/core/injector/injector.js:149:38)
          at async Promise.all (index 1)
      at TestingInjector.resolveConstructorParams (../node_modules/@nestjs/core/injector/injector.js:178:27)
      at TestingInjector.loadInstance (../node_modules/@nestjs/core/injector/injector.js:77:13)
      at TestingInjector.loadInjectable (../node_modules/@nestjs/core/injector/injector.js:104:9)
      at ../node_modules/@nestjs/core/injector/instance-loader.js:80:13
          at async Promise.all (index 0)
      at TestingInstanceLoader.createInstancesOfInjectables (../node_modules/@nestjs/core/injector/instance-loader.js:7
9:9)
      at ../node_modules/@nestjs/core/injector/instance-loader.js:41:13
          at async Promise.all (index 4)
      at TestingInstanceLoader.createInstances (../node_modules/@nestjs/core/injector/instance-loader.js:39:9)
      at TestingInstanceLoader.createInstancesOfDependencies (../node_modules/@nestjs/core/injector/instance-loader.js:
22:13)
      at TestingInstanceLoader.createInstancesOfDependencies (../node_modules/@nestjs/testing/testing-instance-loader.j
s:9:9)
      at TestingModuleBuilder.createInstancesOfDependencies (../node_modules/@nestjs/testing/testing-module.builder.js:
119:9)
      at TestingModuleBuilder.compile (../node_modules/@nestjs/testing/testing-module.builder.js:74:9)
      at Object.<anonymous> (app.e2e-spec.ts:10:42)


  тЧП Test suite failed to run

    TypeError: Cannot read properties of undefined (reading 'close')

    [0m [90m 89 |[39m
     [90m 90 |[39m   afterAll([36masync[39m () [33m=>[39m {
    [31m[1m>[22m[39m[90m 91 |[39m     [36mawait[39m app[33m.[39mclose()[33m;[39m
     [90m    |[39m               [31m[1m^[22m[39m
     [90m 92 |[39m   })[33m;[39m
     [90m 93 |[39m })[33m;[39m
     [90m 94 |[39m[0m

      at Object.<anonymous> (app.e2e-spec.ts:91:15)

Test Suites: 1 failed, 1 total
Tests:       7 failed, 2 todo, 9 total
Snapshots:   0 total
Time:        3.868 s
Ran all test suites.
